[    0.000000] Linux version 6.16.0-rc2-dbg (root@little-penguin) (gcc (GCC) 15.1.1 20250425, GNU ld (GNU Binutils) 2.44.0) #1 SMP PREEMPT_DYNAMIC Thu Jun 19 23:06:13 CEST 2025
[    0.000000] Command line: BOOT_IMAGE=/boot/vmlinuz-6.16-rc2-dbg root=/dev/sda3 rw loglevel=3 quiet
[    0.000000] BIOS-provided physical RAM map:
[    0.000000] BIOS-e820: [mem 0x0000000000000000-0x000000000009fbff] usable
[    0.000000] BIOS-e820: [mem 0x000000000009fc00-0x000000000009ffff] reserved
[    0.000000] BIOS-e820: [mem 0x00000000000f0000-0x00000000000fffff] reserved
[    0.000000] BIOS-e820: [mem 0x0000000000100000-0x00000000dffeffff] usable
[    0.000000] BIOS-e820: [mem 0x00000000dfff0000-0x00000000dfffffff] ACPI data
[    0.000000] BIOS-e820: [mem 0x00000000fec00000-0x00000000fec00fff] reserved
[    0.000000] BIOS-e820: [mem 0x00000000fee00000-0x00000000fee00fff] reserved
[    0.000000] BIOS-e820: [mem 0x00000000fffc0000-0x00000000ffffffff] reserved
[    0.000000] BIOS-e820: [mem 0x0000000100000000-0x000000019fffffff] usable
[    0.000000] NX (Execute Disable) protection: active
[    0.000000] APIC: Static calls initialized
[    0.000000] SMBIOS 2.5 present.
[    0.000000] DMI: innotek GmbH VirtualBox/VirtualBox, BIOS VirtualBox 12/01/2006
[    0.000000] DMI: Memory slots populated: 0/0
[    0.000000] Hypervisor detected: KVM
[    0.000000] kvm-clock: Using msrs 4b564d01 and 4b564d00
[    0.000001] kvm-clock: using sched offset of 8933524546 cycles
[    0.000016] clocksource: kvm-clock: mask: 0xffffffffffffffff max_cycles: 0x1cd42e4dffb, max_idle_ns: 881590591483 ns
[    0.000018] tsc: Detected 3095.998 MHz processor
[    0.001039] e820: update [mem 0x00000000-0x00000fff] usable ==> reserved
[    0.001041] e820: remove [mem 0x000a0000-0x000fffff] usable
[    0.001045] last_pfn = 0x1a0000 max_arch_pfn = 0x400000000
[    0.001050] MTRRs disabled by BIOS
[    0.001052] x86/PAT: Configuration [0-7]: WB  WC  UC- UC  WB  WP  UC- WT  
[    0.001057] last_pfn = 0xe0000 max_arch_pfn = 0x400000000
[    0.001082] found SMP MP-table at [mem 0x0009fff0-0x0009ffff]
[    0.001300] ACPI: Early table checksum verification disabled
[    0.001303] ACPI: RSDP 0x00000000000E0000 000024 (v02 VBOX  )
[    0.001306] ACPI: XSDT 0x00000000DFFF0030 00003C (v01 VBOX   VBOXXSDT 00000001 ASL  00000061)
[    0.001310] ACPI: FACP 0x00000000DFFF00F0 0000F4 (v04 VBOX   VBOXFACP 00000001 ASL  00000061)
[    0.001314] ACPI: DSDT 0x00000000DFFF0640 002353 (v02 VBOX   VBOXBIOS 00000002 INTL 20200925)
[    0.001316] ACPI: FACS 0x00000000DFFF0200 000040
[    0.001318] ACPI: FACS 0x00000000DFFF0200 000040
[    0.001319] ACPI: APIC 0x00000000DFFF0240 000084 (v02 VBOX   VBOXAPIC 00000001 ASL  00000061)
[    0.001321] ACPI: SSDT 0x00000000DFFF02D0 00036C (v01 VBOX   VBOXCPUT 00000002 INTL 20200925)
[    0.001323] ACPI: Reserving FACP table memory at [mem 0xdfff00f0-0xdfff01e3]
[    0.001324] ACPI: Reserving DSDT table memory at [mem 0xdfff0640-0xdfff2992]
[    0.001324] ACPI: Reserving FACS table memory at [mem 0xdfff0200-0xdfff023f]
[    0.001325] ACPI: Reserving FACS table memory at [mem 0xdfff0200-0xdfff023f]
[    0.001325] ACPI: Reserving APIC table memory at [mem 0xdfff0240-0xdfff02c3]
[    0.001326] ACPI: Reserving SSDT table memory at [mem 0xdfff02d0-0xdfff063b]
[    0.001439] No NUMA configuration found
[    0.001439] Faking a node at [mem 0x0000000000000000-0x000000019fffffff]
[    0.001445] NODE_DATA(0) allocated [mem 0x19ffd3280-0x19fffdfff]
[    0.001615] Zone ranges:
[    0.001615]   DMA      [mem 0x0000000000001000-0x0000000000ffffff]
[    0.001617]   DMA32    [mem 0x0000000001000000-0x00000000ffffffff]
[    0.001618]   Normal   [mem 0x0000000100000000-0x000000019fffffff]
[    0.001619]   Device   empty
[    0.001619] Movable zone start for each node
[    0.001621] Early memory node ranges
[    0.001621]   node   0: [mem 0x0000000000001000-0x000000000009efff]
[    0.001622]   node   0: [mem 0x0000000000100000-0x00000000dffeffff]
[    0.001623]   node   0: [mem 0x0000000100000000-0x000000019fffffff]
[    0.001624] Initmem setup node 0 [mem 0x0000000000001000-0x000000019fffffff]
[    0.001716] On node 0, zone DMA: 1 pages in unavailable ranges
[    0.001727] On node 0, zone DMA: 97 pages in unavailable ranges
[    0.011525] On node 0, zone Normal: 16 pages in unavailable ranges
[    0.011752] ACPI: PM-Timer IO Port: 0x4008
[    0.011799] IOAPIC[0]: apic_id 7, version 32, address 0xfec00000, GSI 0-23
[    0.011802] ACPI: INT_SRC_OVR (bus 0 bus_irq 0 global_irq 2 dfl dfl)
[    0.011803] ACPI: INT_SRC_OVR (bus 0 bus_irq 9 global_irq 9 low level)
[    0.011806] ACPI: Using ACPI (MADT) for SMP configuration information
[    0.011810] CPU topo: Max. logical packages:   1
[    0.011811] CPU topo: Max. logical dies:       1
[    0.011811] CPU topo: Max. dies per package:   1
[    0.011815] CPU topo: Max. threads per core:   1
[    0.011815] CPU topo: Num. cores per package:     7
[    0.011816] CPU topo: Num. threads per package:   7
[    0.011816] CPU topo: Allowing 7 present CPUs plus 0 hotplug CPUs
[    0.011832] PM: hibernation: Registered nosave memory: [mem 0x00000000-0x00000fff]
[    0.011834] PM: hibernation: Registered nosave memory: [mem 0x0009f000-0x000fffff]
[    0.011835] PM: hibernation: Registered nosave memory: [mem 0xdfff0000-0xffffffff]
[    0.011836] [mem 0xe0000000-0xfebfffff] available for PCI devices
[    0.011837] Booting paravirtualized kernel on KVM
[    0.011838] clocksource: refined-jiffies: mask: 0xffffffff max_cycles: 0xffffffff, max_idle_ns: 1910969940391419 ns
[    0.016683] setup_percpu: NR_CPUS:8192 nr_cpumask_bits:7 nr_cpu_ids:7 nr_node_ids:1
[    0.016916] percpu: Embedded 62 pages/cpu s217088 r8192 d28672 u262144
[    0.016920] pcpu-alloc: s217088 r8192 d28672 u262144 alloc=1*2097152
[    0.016922] pcpu-alloc: [0] 0 1 2 3 4 5 6 - 
[    0.016940] kvm-guest: PV spinlocks enabled
[    0.016942] PV qspinlock hash table entries: 256 (order: 0, 4096 bytes, linear)
[    0.016944] Kernel command line: BOOT_IMAGE=/boot/vmlinuz-6.16-rc2-dbg root=/dev/sda3 rw loglevel=3 quiet
[    0.016991] Unknown kernel command line parameters "BOOT_IMAGE=/boot/vmlinuz-6.16-rc2-dbg", will be passed to user space.
[    0.017006] random: crng init done
[    0.017007] printk: log buffer data + meta data: 131072 + 458752 = 589824 bytes
[    0.017779] Dentry cache hash table entries: 1048576 (order: 11, 8388608 bytes, linear)
[    0.018176] Inode-cache hash table entries: 524288 (order: 10, 4194304 bytes, linear)
[    0.018265] software IO TLB: area num 8.
[    0.029705] Fallback order for Node 0: 0 
[    0.029711] Built 1 zonelists, mobility grouping on.  Total pages: 1572750
[    0.029712] Policy zone: Normal
[    0.029952] mem auto-init: stack:all(zero), heap alloc:on, heap free:off
[    0.043095] SLUB: HWalign=64, Order=0-3, MinObjects=0, CPUs=7, Nodes=1
[    0.043111] Kernel/User page tables isolation: enabled
[    0.051617] ftrace: allocating 55699 entries in 220 pages
[    0.051619] ftrace: allocated 220 pages with 5 groups
[    0.051671] Dynamic Preempt: full
[    0.051825] rcu: Preemptible hierarchical RCU implementation.
[    0.051825] rcu: 	RCU restricting CPUs from NR_CPUS=8192 to nr_cpu_ids=7.
[    0.051826] rcu: 	RCU priority boosting: priority 1 delay 500 ms.
[    0.051827] 	Trampoline variant of Tasks RCU enabled.
[    0.051827] 	Rude variant of Tasks RCU enabled.
[    0.051827] 	Tracing variant of Tasks RCU enabled.
[    0.051828] rcu: RCU calculated value of scheduler-enlistment delay is 100 jiffies.
[    0.051828] rcu: Adjusting geometry for rcu_fanout_leaf=16, nr_cpu_ids=7
[    0.051833] RCU Tasks: Setting shift to 3 and lim to 1 rcu_task_cb_adjust=1 rcu_task_cpu_ids=7.
[    0.051835] RCU Tasks Rude: Setting shift to 3 and lim to 1 rcu_task_cb_adjust=1 rcu_task_cpu_ids=7.
[    0.051836] RCU Tasks Trace: Setting shift to 3 and lim to 1 rcu_task_cb_adjust=1 rcu_task_cpu_ids=7.
[    0.056442] NR_IRQS: 524544, nr_irqs: 480, preallocated irqs: 16
[    0.056617] rcu: srcu_init: Setting srcu_struct sizes based on contention.
[    0.056923] kfence: initialized - using 2097152 bytes for 255 objects at 0x(____ptrval____)-0x(____ptrval____)
[    0.056951] Console: colour dummy device 80x25
[    0.056953] printk: legacy console [tty0] enabled
[    0.056981] ACPI: Core revision 20250404
[    0.057033] APIC: Switch to symmetric I/O mode setup
[    0.057199] x2apic enabled
[    0.057389] APIC: Switched APIC routing to: physical x2apic
[    0.058180] ..TIMER: vector=0x30 apic1=0 pin1=2 apic2=-1 pin2=-1
[    0.058197] clocksource: tsc-early: mask: 0xffffffffffffffff max_cycles: 0x2ca082f6619, max_idle_ns: 440795220240 ns
[    0.058201] Calibrating delay loop (skipped) preset value.. 6191.99 BogoMIPS (lpj=3095998)
[    0.058292] Last level iTLB entries: 4KB 64, 2MB 8, 4MB 8
[    0.058293] Last level dTLB entries: 4KB 64, 2MB 32, 4MB 32, 1GB 4
[    0.058298] Speculative Store Bypass: Vulnerable
[    0.058299] SRBDS: Unknown: Dependent on hypervisor status
[    0.058300] Spectre V2 : Mitigation: Retpolines
[    0.058300] RETBleed: WARNING: Spectre v2 mitigation leaves CPU vulnerable to RETBleed attacks, data leaks possible!
[    0.058301] RETBleed: Vulnerable
[    0.058301] ITS: Mitigation: Aligned branch/return thunks
[    0.058302] MDS: Mitigation: Clear CPU buffers
[    0.058303] MMIO Stale Data: Mitigation: Clear CPU buffers
[    0.058303] Spectre V1 : Mitigation: usercopy/swapgs barriers and __user pointer sanitization
[    0.058304] Spectre V2 : Spectre v2 / SpectreRSB: Filling RSB on context switch and VMEXIT
[    0.058308] GDS: Unknown: Dependent on hypervisor status
[    0.058317] x86/fpu: Supporting XSAVE feature 0x001: 'x87 floating point registers'
[    0.058318] x86/fpu: Supporting XSAVE feature 0x002: 'SSE registers'
[    0.058319] x86/fpu: Supporting XSAVE feature 0x004: 'AVX registers'
[    0.058320] x86/fpu: xstate_offset[2]:  576, xstate_sizes[2]:  256
[    0.058321] x86/fpu: Enabled xstate features 0x7, context size is 832 bytes, using 'standard' format.
[    0.059199] Freeing SMP alternatives memory: 52K
[    0.059199] pid_max: default: 32768 minimum: 301
[    0.059199] LSM: initializing lsm=capability,landlock,lockdown,yama,bpf
[    0.059199] landlock: Up and running.
[    0.059199] Yama: becoming mindful.
[    0.059199] LSM support for eBPF active
[    0.059199] Mount-cache hash table entries: 16384 (order: 5, 131072 bytes, linear)
[    0.059199] Mountpoint-cache hash table entries: 16384 (order: 5, 131072 bytes, linear)
[    0.163364] APIC calibration not consistent with PM-Timer: 114ms instead of 100ms
[    0.163366] APIC delta adjusted to PM-Timer: 6359362 (7259221)
[    0.163399] smpboot: CPU0: Intel(R) Core(TM) i5-10500 CPU @ 3.10GHz (family: 0x6, model: 0xa5, stepping: 0x3)
[    0.163524] Performance Events: unsupported CPU family 6 model 165 no PMU driver, software events only.
[    0.163541] signal: max sigframe size: 1776
[    0.163557] rcu: Hierarchical SRCU implementation.
[    0.163558] rcu: 	Max phase no-delay instances is 400.
[    0.163594] Timer migration: 1 hierarchy levels; 8 children per group; 1 crossnode level
[    0.167133] NMI watchdog: Perf NMI watchdog permanently disabled
[    0.167172] smp: Bringing up secondary CPUs ...
[    0.167199] smpboot: x86: Booting SMP configuration:
[    0.167199] .... node  #0, CPUs:      #1 #2 #3 #4 #5 #6
[    0.174291] smp: Brought up 1 node, 7 CPUs
[    0.174293] smpboot: Total of 7 processors activated (43343.97 BogoMIPS)
[    0.175278] Memory: 6051644K/6291000K available (19599K kernel code, 2937K rwdata, 9692K rodata, 4632K init, 5072K bss, 231064K reserved, 0K cma-reserved)
[    0.175399] devtmpfs: initialized
[    0.175399] x86/mm: Memory block size: 128MB
[    0.176546] clocksource: jiffies: mask: 0xffffffff max_cycles: 0xffffffff, max_idle_ns: 1911260446275000 ns
[    0.176546] posixtimers hash table entries: 4096 (order: 4, 65536 bytes, linear)
[    0.176546] futex hash table entries: 2048 (131072 bytes on 1 NUMA nodes, total 128 KiB, linear).
[    0.176546] pinctrl core: initialized pinctrl subsystem
[    0.176546] PM: RTC time: 13:42:50, date: 2025-06-22
[    0.177498] NET: Registered PF_NETLINK/PF_ROUTE protocol family
[    0.177694] DMA: preallocated 1024 KiB GFP_KERNEL pool for atomic allocations
[    0.177739] DMA: preallocated 1024 KiB GFP_KERNEL|GFP_DMA pool for atomic allocations
[    0.177816] DMA: preallocated 1024 KiB GFP_KERNEL|GFP_DMA32 pool for atomic allocations
[    0.177822] audit: initializing netlink subsys (disabled)
[    0.177846] audit: type=2000 audit(1750599780.619:1): state=initialized audit_enabled=0 res=1
[    0.177846] thermal_sys: Registered thermal governor 'fair_share'
[    0.177846] thermal_sys: Registered thermal governor 'bang_bang'
[    0.177846] thermal_sys: Registered thermal governor 'step_wise'
[    0.177846] thermal_sys: Registered thermal governor 'user_space'
[    0.177846] thermal_sys: Registered thermal governor 'power_allocator'
[    0.177846] cpuidle: using governor ladder
[    0.177846] cpuidle: using governor menu
[    0.177846] acpiphp: ACPI Hot Plug PCI Controller Driver version: 0.5
[    0.178207] PCI: Using configuration type 1 for base access
[    0.178282] kprobes: kprobe jump-optimization is enabled. All kprobes are optimized if possible.
[    0.184210] HugeTLB: allocation took 0ms with hugepage_allocation_threads=1
[    0.184249] HugeTLB: registered 2.00 MiB page size, pre-allocated 0 pages
[    0.184250] HugeTLB: 28 KiB vmemmap can be freed for a 2.00 MiB page
[    0.184856] raid6: skipped pq benchmark and selected avx2x4
[    0.184858] raid6: using avx2x2 recovery algorithm
[    0.185157] ACPI: Added _OSI(Module Device)
[    0.185158] ACPI: Added _OSI(Processor Device)
[    0.185159] ACPI: Added _OSI(Processor Aggregator Device)
[    0.186393] ACPI: 2 ACPI AML tables successfully acquired and loaded
[    0.187559] ACPI: Interpreter enabled
[    0.187566] ACPI: PM: (supports S0 S5)
[    0.187567] ACPI: Using IOAPIC for interrupt routing
[    0.187744] PCI: Using host bridge windows from ACPI; if necessary, use "pci=nocrs" and report a bug
[    0.187745] PCI: Using E820 reservations for host bridge windows
[    0.187829] ACPI: Enabled 2 GPEs in block 00 to 07
[    0.191441] ACPI: PCI Root Bridge [PCI0] (domain 0000 [bus 00-ff])
[    0.191446] acpi PNP0A03:00: _OSC: OS supports [ASPM ClockPM Segments MSI EDR HPX-Type3]
[    0.191447] acpi PNP0A03:00: _OSC: not requesting OS control; OS requires [ExtendedConfig ASPM ClockPM MSI]
[    0.191703] acpi PNP0A03:00: fail to add MMCONFIG information, can't access extended configuration space under this bridge
[    0.191943] PCI host bridge to bus 0000:00
[    0.191946] pci_bus 0000:00: root bus resource [io  0x0000-0x0cf7 window]
[    0.191948] pci_bus 0000:00: root bus resource [io  0x0d00-0xffff window]
[    0.191949] pci_bus 0000:00: root bus resource [mem 0x000a0000-0x000bffff window]
[    0.191950] pci_bus 0000:00: root bus resource [mem 0xe0000000-0xfdffffff window]
[    0.191951] pci_bus 0000:00: root bus resource [bus 00-ff]
[    0.192059] pci 0000:00:00.0: [8086:1237] type 00 class 0x060000 conventional PCI endpoint
[    0.192313] pci 0000:00:01.0: [8086:7000] type 00 class 0x060100 conventional PCI endpoint
[    0.192617] pci 0000:00:02.0: [15ad:0405] type 00 class 0x030000 conventional PCI endpoint
[    0.193513] pci 0000:00:02.0: BAR 0 [io  0xd000-0xd00f]
[    0.193529] pci 0000:00:02.0: BAR 1 [mem 0xe0000000-0xe0ffffff pref]
[    0.193536] pci 0000:00:02.0: BAR 2 [mem 0xf0000000-0xf01fffff]
[    0.194263] pci 0000:00:02.0: Video device with shadowed ROM at [mem 0x000c0000-0x000dffff]
[    0.194393] pci 0000:00:03.0: [8086:100e] type 00 class 0x020000 conventional PCI endpoint
[    0.196332] pci 0000:00:03.0: BAR 0 [mem 0xf0200000-0xf021ffff]
[    0.196343] pci 0000:00:03.0: BAR 2 [io  0xd010-0xd017]
[    0.196586] pci 0000:00:04.0: [80ee:cafe] type 00 class 0x088000 conventional PCI endpoint
[    0.198333] pci 0000:00:04.0: BAR 0 [io  0xd020-0xd03f]
[    0.198339] pci 0000:00:04.0: BAR 1 [mem 0xf0400000-0xf07fffff]
[    0.198344] pci 0000:00:04.0: BAR 2 [mem 0xf0800000-0xf0803fff pref]
[    0.198488] pci 0000:00:05.0: [8086:2415] type 00 class 0x040100 conventional PCI endpoint
[    0.199290] pci 0000:00:05.0: BAR 0 [io  0xd100-0xd1ff]
[    0.199296] pci 0000:00:05.0: BAR 1 [io  0xd200-0xd23f]
[    0.199410] pci 0000:00:06.0: [106b:003f] type 00 class 0x0c0310 conventional PCI endpoint
[    0.201344] pci 0000:00:06.0: BAR 0 [mem 0xf0804000-0xf0804fff]
[    0.201529] pci 0000:00:07.0: [8086:7113] type 00 class 0x068000 conventional PCI endpoint
[    0.201751] pci 0000:00:07.0: quirk: [io  0x4000-0x403f] claimed by PIIX4 ACPI
[    0.201756] pci 0000:00:07.0: quirk: [io  0x4100-0x410f] claimed by PIIX4 SMB
[    0.202780] pci 0000:00:0b.0: [8086:265c] type 00 class 0x0c0320 conventional PCI endpoint
[    0.205207] pci 0000:00:0b.0: BAR 0 [mem 0xf0805000-0xf0805fff]
[    0.205577] pci 0000:00:0d.0: [8086:2829] type 00 class 0x010601 conventional PCI endpoint
[    0.207208] pci 0000:00:0d.0: BAR 0 [io  0xd240-0xd247]
[    0.207214] pci 0000:00:0d.0: BAR 1 [io  0xd248-0xd24b]
[    0.207224] pci 0000:00:0d.0: BAR 2 [io  0xd250-0xd257]
[    0.207229] pci 0000:00:0d.0: BAR 3 [io  0xd258-0xd25b]
[    0.207234] pci 0000:00:0d.0: BAR 4 [io  0xd260-0xd26f]
[    0.207239] pci 0000:00:0d.0: BAR 5 [mem 0xf0806000-0xf0807fff]
[    0.212410] ACPI: PCI: Interrupt link LNKA configured for IRQ 11
[    0.212583] ACPI: PCI: Interrupt link LNKB configured for IRQ 10
[    0.212639] ACPI: PCI: Interrupt link LNKC configured for IRQ 9
[    0.212693] ACPI: PCI: Interrupt link LNKD configured for IRQ 11
[    0.212823] iommu: Default domain type: Translated
[    0.212823] iommu: DMA domain TLB invalidation policy: lazy mode
[    0.213299] SCSI subsystem initialized
[    0.213327] libata version 3.00 loaded.
[    0.213327] ACPI: bus type USB registered
[    0.213327] usbcore: registered new interface driver usbfs
[    0.213327] usbcore: registered new interface driver hub
[    0.213327] usbcore: registered new device driver usb
[    0.213327] EDAC MC: Ver: 3.0.0
[    0.213464] NetLabel: Initializing
[    0.213465] NetLabel:  domain hash size = 128
[    0.213466] NetLabel:  protocols = UNLABELED CIPSOv4 CALIPSO
[    0.213476] NetLabel:  unlabeled traffic allowed by default
[    0.213479] mctp: management component transport protocol core
[    0.213479] NET: Registered PF_MCTP protocol family
[    0.213485] PCI: Using ACPI for IRQ routing
[    0.213486] PCI: pci_cache_line_size set to 64 bytes
[    0.213580] e820: reserve RAM buffer [mem 0x0009fc00-0x0009ffff]
[    0.213582] e820: reserve RAM buffer [mem 0xdfff0000-0xdfffffff]
[    0.214261] pci 0000:00:02.0: vgaarb: setting as boot VGA device
[    0.214261] pci 0000:00:02.0: vgaarb: bridge control possible
[    0.214261] pci 0000:00:02.0: vgaarb: VGA device added: decodes=io+mem,owns=io+mem,locks=none
[    0.214261] vgaarb: loaded
[    0.214423] clocksource: Switched to clocksource kvm-clock
[    0.214531] VFS: Disk quotas dquot_6.6.0
[    0.214540] VFS: Dquot-cache hash table entries: 512 (order 0, 4096 bytes)
[    0.215564] pnp: PnP ACPI init
[    0.216020] pnp: PnP ACPI: found 2 devices
[    0.221276] clocksource: acpi_pm: mask: 0xffffff max_cycles: 0xffffff, max_idle_ns: 2085701024 ns
[    0.221315] NET: Registered PF_INET protocol family
[    0.221449] IP idents hash table entries: 131072 (order: 8, 1048576 bytes, linear)
[    0.222267] tcp_listen_portaddr_hash hash table entries: 4096 (order: 4, 65536 bytes, linear)
[    0.222267] Table-perturb hash table entries: 65536 (order: 6, 262144 bytes, linear)
[    0.222267] TCP established hash table entries: 65536 (order: 7, 524288 bytes, linear)
[    0.222267] TCP bind hash table entries: 65536 (order: 9, 2097152 bytes, linear)
[    0.222267] TCP: Hash tables configured (established 65536 bind 65536)
[    0.222267] MPTCP token hash table entries: 8192 (order: 5, 196608 bytes, linear)
[    0.222267] UDP hash table entries: 4096 (order: 6, 262144 bytes, linear)
[    0.222267] UDP-Lite hash table entries: 4096 (order: 6, 262144 bytes, linear)
[    0.222267] NET: Registered PF_UNIX/PF_LOCAL protocol family
[    0.222267] NET: Registered PF_XDP protocol family
[    0.222267] pci_bus 0000:00: resource 4 [io  0x0000-0x0cf7 window]
[    0.222267] pci_bus 0000:00: resource 5 [io  0x0d00-0xffff window]
[    0.222267] pci_bus 0000:00: resource 6 [mem 0x000a0000-0x000bffff window]
[    0.222267] pci_bus 0000:00: resource 7 [mem 0xe0000000-0xfdffffff window]
[    0.222267] pci 0000:00:00.0: Limiting direct PCI/PCI transfers
[    0.224360] PCI: CLS 0 bytes, default 64
[    0.224375] PCI-DMA: Using software bounce buffering for IO (SWIOTLB)
[    0.224376] software IO TLB: mapped [mem 0x00000000dbff0000-0x00000000dfff0000] (64MB)
[    0.224386] clocksource: tsc: mask: 0xffffffffffffffff max_cycles: 0x2ca082f6619, max_idle_ns: 440795220240 ns
[    0.224513] clocksource: Switched to clocksource tsc
[    0.224542] platform rtc_cmos: registered platform RTC device (no PNP device found)
[    0.226370] Initialise system trusted keyrings
[    0.226376] Key type blacklist registered
[    0.226437] workingset: timestamp_bits=36 max_order=21 bucket_order=0
[    0.226615] fuse: init (API version 7.44)
[    0.226681] integrity: Platform Keyring initialized
[    0.226684] integrity: Machine keyring initialized
[    0.227645] xor: automatically using best checksumming function   avx       
[    0.227645] Key type asymmetric registered
[    0.227645] Asymmetric key parser 'x509' registered
[    0.227645] Block layer SCSI generic (bsg) driver version 0.4 loaded (major 246)
[    0.235222] io scheduler mq-deadline registered
[    0.235224] io scheduler kyber registered
[    0.235231] io scheduler bfq registered
[    0.235902] ledtrig-cpu: registered to indicate activity on CPUs
[    0.236048] ACPI: AC: AC Adapter [AC] (on-line)
[    0.236081] input: Power Button as /devices/LNXSYSTM:00/LNXPWRBN:00/input/input0
[    0.236285] ACPI: button: Power Button [PWRF]
[    0.236305] input: Sleep Button as /devices/LNXSYSTM:00/LNXSLPBN:00/input/input1
[    0.236333] ACPI: button: Sleep Button [SLPF]
[    0.237034] Serial: 8250/16550 driver, 32 ports, IRQ sharing enabled
[    0.238714] Non-volatile memory driver v1.3
[    0.238715] Linux agpgart interface v0.103
[    0.238729] ACPI: bus type drm_connector registered
[    0.239744] ahci 0000:00:0d.0: SSS flag set, parallel bus scan disabled
[    0.239816] ahci 0000:00:0d.0: AHCI vers 0001.0100, 32 command slots, 3 Gbps, SATA mode
[    0.239819] ahci 0000:00:0d.0: 1/1 ports implemented (port mask 0x1)
[    0.239820] ahci 0000:00:0d.0: flags: 64bit ncq stag only ccc 
[    0.240168] scsi host0: ahci
[    0.240203] ata1: SATA max UDMA/133 abar m8192@0xf0806000 port 0xf0806100 irq 21 lpm-pol 0
[    0.240537] ohci-pci 0000:00:06.0: OHCI PCI host controller
[    0.240541] ohci-pci 0000:00:06.0: new USB bus registered, assigned bus number 1
[    0.240586] ohci-pci 0000:00:06.0: irq 22, io mem 0xf0804000
[    0.302321] usb usb1: New USB device found, idVendor=1d6b, idProduct=0001, bcdDevice= 6.16
[    0.302324] usb usb1: New USB device strings: Mfr=3, Product=2, SerialNumber=1
[    0.302325] usb usb1: Product: OHCI PCI host controller
[    0.302326] usb usb1: Manufacturer: Linux 6.16.0-rc2-dbg ohci_hcd
[    0.302327] usb usb1: SerialNumber: 0000:00:06.0
[    0.302449] hub 1-0:1.0: USB hub found
[    0.302459] hub 1-0:1.0: 12 ports detected
[    0.302713] usbcore: registered new interface driver usbserial_generic
[    0.302716] usbserial: USB Serial support registered for generic
[    0.302738] i8042: PNP: PS/2 Controller [PNP0303:PS2K,PNP0f03:PS2M] at 0x60,0x64 irq 1,12
[    0.303009] ehci-pci 0000:00:0b.0: EHCI Host Controller
[    0.303014] ehci-pci 0000:00:0b.0: new USB bus registered, assigned bus number 2
[    0.303148] ehci-pci 0000:00:0b.0: irq 19, io mem 0xf0805000
[    0.303361] serio: i8042 KBD port at 0x60,0x64 irq 1
[    0.303390] serio: i8042 AUX port at 0x60,0x64 irq 12
[    0.303836] input: AT Translated Set 2 keyboard as /devices/platform/i8042/serio0/input/input2
[    0.303970] rtc_cmos rtc_cmos: registered as rtc0
[    0.303993] rtc_cmos rtc_cmos: setting system clock to 2025-06-22T13:42:50 UTC (1750599770)
[    0.304034] rtc_cmos rtc_cmos: alarms up to one day, 114 bytes nvram
[    0.304056] intel_pstate: CPU model not supported
[    0.304212] simple-framebuffer simple-framebuffer.0: [drm] Registered 1 planes with drm panic
[    0.304213] [drm] Initialized simpledrm 1.0.0 for simple-framebuffer.0 on minor 0
[    0.304705] fbcon: Deferring console take-over
[    0.304707] simple-framebuffer simple-framebuffer.0: [drm] fb0: simpledrmdrmfb frame buffer device
[    0.304737] hid: raw HID events driver (C) Jiri Kosina
[    0.304750] usbcore: registered new interface driver usbhid
[    0.304751] usbhid: USB HID core driver
[    0.304779] drop_monitor: Initializing network drop monitor service
[    0.304843] NET: Registered PF_INET6 protocol family
[    0.305723] Segment Routing with IPv6
[    0.305724] RPL Segment Routing with IPv6
[    0.305732] In-situ OAM (IOAM) with IPv6
[    0.305745] NET: Registered PF_PACKET protocol family
[    0.306265] IPI shorthand broadcast: enabled
[    0.307845] sched_clock: Marking stable (306030605, 1377726)->(333846898, -26438567)
[    0.308021] registered taskstats version 1
[    0.308450] ehci-pci 0000:00:0b.0: USB 2.0 started, EHCI 1.00
[    0.308480] usb usb2: New USB device found, idVendor=1d6b, idProduct=0002, bcdDevice= 6.16
[    0.308482] usb usb2: New USB device strings: Mfr=3, Product=2, SerialNumber=1
[    0.308483] usb usb2: Product: EHCI Host Controller
[    0.308484] usb usb2: Manufacturer: Linux 6.16.0-rc2-dbg ehci_hcd
[    0.308485] usb usb2: SerialNumber: 0000:00:0b.0
[    0.308608] Loading compiled-in X.509 certificates
[    0.308624] hub 2-0:1.0: USB hub found
[    0.308629] hub 2-0:1.0: 12 ports detected
[    0.311381] Loaded X.509 cert 'Build time autogenerated kernel key: df4fb379d6403e58c22cf309db5fd1ce64e7c96a'
[    0.313455] zswap: loaded using pool zstd/zsmalloc
[    0.313715] Demotion targets for Node 0: null
[    0.314199] Key type .fscrypt registered
[    0.314200] Key type fscrypt-provisioning registered
[    0.314897] Btrfs loaded, zoned=yes, fsverity=yes
[    0.314912] Key type big_key registered
[    0.315108] PM:   Magic number: 13:715:736
[    0.315167] RAS: Correctable Errors collector initialized.
[    0.315199] clk: Disabling unused clocks
[    0.315200] PM: genpd: Disabling unused power domains
[    0.650142] ata1: SATA link up 3.0 Gbps (SStatus 123 SControl 300)
[    0.650376] ata1.00: ATA-6: VBOX HARDDISK, 1.0, max UDMA/133
[    0.650390] ata1.00: 104857600 sectors, multi 128: LBA48 NCQ (depth 32)
[    0.650481] ata1.00: configured for UDMA/133
[    0.650606] scsi 0:0:0:0: Direct-Access     ATA      VBOX HARDDISK    1.0  PQ: 0 ANSI: 5
[    0.650742] sd 0:0:0:0: [sda] 104857600 512-byte logical blocks: (53.7 GB/50.0 GiB)
[    0.650747] sd 0:0:0:0: [sda] Write Protect is off
[    0.650748] sd 0:0:0:0: [sda] Mode Sense: 00 3a 00 00
[    0.650754] sd 0:0:0:0: [sda] Write cache: enabled, read cache: enabled, doesn't support DPO or FUA
[    0.650764] sd 0:0:0:0: [sda] Preferred minimum I/O size 512 bytes
[    1.005925]  sda: sda1 sda2 sda3
[    1.006297] sd 0:0:0:0: [sda] Attached SCSI disk
[    1.387186] EXT4-fs (sda3): recovery complete
[    1.388584] EXT4-fs (sda3): mounted filesystem 5910446a-cd17-4744-9fdc-2f78b8b92496 r/w with ordered data mode. Quota mode: none.
[    1.388597] VFS: Mounted root (ext4 filesystem) on device 8:3.
[    1.389734] devtmpfs: mounted
[    1.391108] Freeing unused decrypted memory: 2028K
[    1.391689] Freeing unused kernel image (initmem) memory: 4632K
[    1.391794] Write protecting the kernel read-only data: 30720k
[    1.392230] Freeing unused kernel image (text/rodata gap) memory: 880K
[    1.392464] Freeing unused kernel image (rodata/data gap) memory: 548K
[    1.432444] x86/mm: Checked W+X mappings: passed, no W+X pages found.
[    1.432448] rodata_test: all tests were successful
[    1.432449] x86/mm: Checking user space page tables
[    1.470813] x86/mm: Checked W+X mappings: passed, no W+X pages found.
[    1.470824] Run /sbin/init as init process
[    1.470825]   with arguments:
[    1.470826]     /sbin/init
[    1.470827]   with environment:
[    1.470828]     HOME=/
[    1.470828]     TERM=linux
[    1.470829]     BOOT_IMAGE=/boot/vmlinuz-6.16-rc2-dbg
[    1.758041] systemd[1]: systemd 257.6-1-arch running in system mode (+PAM +AUDIT -SELINUX -APPARMOR -IMA +IPE +SMACK +SECCOMP +GCRYPT +GNUTLS +OPENSSL +ACL +BLKID +CURL +ELFUTILS +FIDO2 +IDN2 -IDN +IPTC +KMOD +LIBCRYPTSETUP +LIBCRYPTSETUP_PLUGINS +LIBFDISK +PCRE2 +PWQUALITY +P11KIT +QRENCODE +TPM2 +BZIP2 +LZ4 +XZ +ZLIB +ZSTD +BPF_FRAMEWORK +BTF +XKBCOMMON +UTMP -SYSVINIT +LIBARCHIVE)
[    1.758045] systemd[1]: Detected virtualization oracle.
[    1.758058] systemd[1]: Detected architecture x86-64.
[    1.760097] systemd[1]: Failed to read SMBIOS type #11 object 0, ignoring: Bad message
[    1.762846] systemd[1]: Hostname set to <little-penguin>.
[    2.579931] systemd[1]: bpf-restrict-fs: Failed to load BPF object: No such process
[    2.737241] Guest personality initialized and is inactive
[    2.737357] VMCI host device registered (name=vmci, major=10, minor=260)
[    2.737359] Initialized host personality
[    2.758103] NET: Registered PF_VSOCK protocol family
[    3.469256] systemd[1]: Queued start job for default target Graphical Interface.
[    3.561615] systemd[1]: Created slice Slice /system/dirmngr.
[    3.561869] systemd[1]: Created slice Slice /system/getty.
[    3.562071] systemd[1]: Created slice Slice /system/gpg-agent.
[    3.562273] systemd[1]: Created slice Slice /system/gpg-agent-browser.
[    3.562472] systemd[1]: Created slice Slice /system/gpg-agent-extra.
[    3.562671] systemd[1]: Created slice Slice /system/gpg-agent-ssh.
[    3.562869] systemd[1]: Created slice Slice /system/keyboxd.
[    3.563121] systemd[1]: Created slice Slice /system/modprobe.
[    3.563265] systemd[1]: Created slice User and Session Slice.
[    3.563305] systemd[1]: Started Dispatch Password Requests to Console Directory Watch.
[    3.563335] systemd[1]: Started Forward Password Requests to Wall Directory Watch.
[    3.563450] systemd[1]: Set up automount Arbitrary Executable File Formats File System Automount Point.
[    3.563463] systemd[1]: Expecting device /dev/disk/by-uuid/606e2ea9-fcf9-4369-9e03-2aa27c506aeb...
[    3.563472] systemd[1]: Reached target Local Encrypted Volumes.
[    3.563485] systemd[1]: Reached target Local Integrity Protected Volumes.
[    3.563497] systemd[1]: Reached target Path Units.
[    3.563507] systemd[1]: Reached target Remote File Systems.
[    3.563513] systemd[1]: Reached target Slice Units.
[    3.563528] systemd[1]: Reached target Local Verity Protected Volumes.
[    3.563581] systemd[1]: Listening on Device-mapper event daemon FIFOs.
[    3.565733] systemd[1]: Listening on Process Core Dump Socket.
[    3.567326] systemd[1]: Listening on Credential Encryption/Decryption.
[    3.567425] systemd[1]: Listening on Journal Socket (/dev/log).
[    3.567485] systemd[1]: Listening on Journal Sockets.
[    3.567515] systemd[1]: TPM PCR Measurements was skipped because of an unmet condition check (ConditionSecurity=measured-uki).
[    3.567526] systemd[1]: Make TPM PCR Policy was skipped because of an unmet condition check (ConditionSecurity=measured-uki).
[    3.567582] systemd[1]: Listening on udev Control Socket.
[    3.567617] systemd[1]: Listening on udev Kernel Socket.
[    3.567660] systemd[1]: Listening on User Database Manager Socket.
[    3.569632] systemd[1]: Mounting Huge Pages File System...
[    3.570321] systemd[1]: Mounting POSIX Message Queue File System...
[    3.570900] systemd[1]: Mounting Kernel Debug File System...
[    3.571473] systemd[1]: Mounting Kernel Trace File System...
[    3.572178] systemd[1]: Starting Create List of Static Device Nodes...
[    3.572944] systemd[1]: Starting Load Kernel Module configfs...
[    3.573444] systemd[1]: Starting Load Kernel Module dm_mod...
[    3.574933] systemd[1]: Starting Load Kernel Module drm...
[    3.575987] systemd[1]: Starting Load Kernel Module fuse...
[    3.576665] systemd[1]: Starting Load Kernel Module loop...
[    3.576739] systemd[1]: File System Check on Root Device was skipped because of an unmet condition check (ConditionPathIsReadWrite=!/).
[    3.576765] systemd[1]: Clear Stale Hibernate Storage Info was skipped because of an unmet condition check (ConditionPathExists=/sys/firmware/efi/efivars/HibernateLocation-8cf2644b-4b0b-428f-9387-6d876050dc67).
[    3.579391] systemd[1]: Starting Journal Service...
[    3.583211] systemd[1]: Starting Load Kernel Modules...
[    3.583224] systemd[1]: TPM PCR Machine ID Measurement was skipped because of an unmet condition check (ConditionSecurity=measured-uki).
[    3.583804] systemd[1]: Starting Remount Root and Kernel File Systems...
[    3.583831] systemd[1]: Early TPM SRK Setup was skipped because of an unmet condition check (ConditionSecurity=measured-uki).
[    3.584414] systemd[1]: Starting Load udev Rules from Credentials...
[    3.585015] systemd[1]: Starting Coldplug All udev Devices...
[    3.586187] systemd[1]: Mounted Huge Pages File System.
[    3.586265] systemd[1]: Mounted POSIX Message Queue File System.
[    3.586328] systemd[1]: Mounted Kernel Debug File System.
[    3.586390] systemd[1]: Mounted Kernel Trace File System.
[    3.586603] systemd[1]: Finished Create List of Static Device Nodes.
[    3.586799] systemd[1]: modprobe@configfs.service: Deactivated successfully.
[    3.586906] systemd[1]: Finished Load Kernel Module configfs.
[    3.587179] systemd[1]: modprobe@drm.service: Deactivated successfully.
[    3.587365] systemd[1]: Finished Load Kernel Module drm.
[    3.587650] systemd[1]: modprobe@fuse.service: Deactivated successfully.
[    3.587752] systemd[1]: Finished Load Kernel Module fuse.
[    3.588439] systemd[1]: Mounting FUSE Control File System...
[    3.588971] systemd[1]: Mounting Kernel Configuration File System...
[    3.589525] systemd[1]: Starting Create Static Device Nodes in /dev gracefully...
[    3.594562] systemd[1]: Mounted Kernel Configuration File System.
[    3.595058] systemd[1]: Mounted FUSE Control File System.
[    3.597960] systemd[1]: Finished Load Kernel Modules.
[    3.599714] systemd[1]: Starting Apply Kernel Variables...
[    3.610856] loop: module loaded
[    3.619768] systemd[1]: Finished Load udev Rules from Credentials.
[    3.620016] systemd[1]: modprobe@loop.service: Deactivated successfully.
[    3.620140] systemd[1]: Finished Load Kernel Module loop.
[    3.621227] systemd-journald[168]: Collecting audit messages is disabled.
[    3.633623] device-mapper: uevent: version 1.0.3
[    3.633791] device-mapper: ioctl: 4.50.0-ioctl (2025-04-28) initialised: dm-devel@lists.linux.dev
[    3.634121] systemd[1]: modprobe@dm_mod.service: Deactivated successfully.
[    3.634266] systemd[1]: Finished Load Kernel Module dm_mod.
[    3.634725] systemd[1]: Finished Apply Kernel Variables.
[    3.634820] systemd[1]: Repartition Root Disk was skipped because no trigger condition checks were met.
[    3.638003] systemd[1]: Started Journal Service.
[    3.688886] EXT4-fs (sda3): re-mounted 5910446a-cd17-4744-9fdc-2f78b8b92496.
[    3.704691] systemd-journald[168]: Received client request to flush runtime journal.
[    3.713320] systemd-journald[168]: File /var/log/journal/391e3726d4dc4c5d96c46f975953df5e/system.journal corrupted or uncleanly shut down, renaming and replacing.
[    4.471583] input: PC Speaker as /devices/platform/pcspkr/input/input4
[    4.506375] vboxguest: host-version: 7.0.26r168464 0x8000000f
[    4.506863] vbg_heartbeat_init: Setting up heartbeat to trigger every 2000 milliseconds
[    4.506929] input: VirtualBox mouse integration as /devices/pci0000:00/0000:00:04.0/input/input5
[    4.515428] piix4_smbus 0000:00:07.0: SMBus Host Controller at 0x4100, revision 0
[    4.516066] input: ImExPS/2 Generic Explorer Mouse as /devices/platform/i8042/serio1/input/input6
[    4.516960] ACPI: video: Video Device [GFX0] (multi-head: yes  rom: no  post: no)
[    4.517039] input: Video Bus as /devices/LNXSYSTM:00/LNXSYBUS:00/PNP0A03:00/LNXVIDEO:00/input/input7
[    4.526953] mousedev: PS/2 mouse device common for all mice
[    4.542295] e1000: Intel(R) PRO/1000 Network Driver
[    4.542298] e1000: Copyright (c) 1999-2006 Intel Corporation.
[    4.607559] Adding 2097148k swap on /dev/sda2.  Priority:-2 extents:1 across:2097148k 
[    4.633345] RAPL PMU: API unit is 2^-32 Joules, 0 fixed counters, 10737418240 ms ovfl timer
[    4.700638] vmwgfx 0000:00:02.0: vgaarb: deactivate vga console
[    4.701022] vmwgfx 0000:00:02.0: [drm] FIFO at 0x00000000f0000000 size is 2048 KiB
[    4.701045] vmwgfx 0000:00:02.0: [drm] VRAM at 0x00000000e0000000 size is 16384 KiB
[    4.701052] vmwgfx 0000:00:02.0: [drm] Running on SVGA version 2.
[    4.701057] vmwgfx 0000:00:02.0: [drm] Capabilities: rect copy, cursor, cursor bypass, cursor bypass 2, alpha cursor, extended fifo, pitchlock, irq mask, gmr, traces, gmr2, screen object 2, command buffers, gbobject, 
[    4.701059] vmwgfx 0000:00:02.0: [drm] *ERROR* vmwgfx seems to be running on an unsupported hypervisor.
[    4.701060] vmwgfx 0000:00:02.0: [drm] *ERROR* This configuration is likely broken.
[    4.701060] vmwgfx 0000:00:02.0: [drm] *ERROR* Please switch to a supported graphics device to avoid problems.
[    4.701061] vmwgfx 0000:00:02.0: [drm] DMA map mode: Caching DMA mappings.
[    4.701100] vmwgfx 0000:00:02.0: [drm] Legacy memory limits: VRAM = 16384 KiB, FIFO = 2048 KiB, surface = 507904 KiB
[    4.701101] vmwgfx 0000:00:02.0: [drm] MOB limits: max mob size = 131072 KiB, max mob pages = 4096
[    4.701103] vmwgfx 0000:00:02.0: [drm] Max GMR ids is 8192
[    4.701103] vmwgfx 0000:00:02.0: [drm] Max number of GMR pages is 1048576
[    4.701104] vmwgfx 0000:00:02.0: [drm] Maximum display memory size is 16384 KiB
[    4.702213] vmwgfx 0000:00:02.0: [drm] Screen Target display unit initialized
[    4.702504] vmwgfx 0000:00:02.0: [drm] Fifo max 0x00200000 min 0x00001000 cap 0x00000355
[    4.702856] vmwgfx 0000:00:02.0: [drm] Using command buffers with DMA pool.
[    4.702860] vmwgfx 0000:00:02.0: [drm] Available shader model: Legacy.
[    4.703113] [drm] Initialized vmwgfx 2.21.0 for 0000:00:02.0 on minor 0
[    4.703616] fbcon: vmwgfxdrmfb (fb0) is primary device
[    4.703618] fbcon: Deferring console take-over
[    4.703619] vmwgfx 0000:00:02.0: [drm] fb0: vmwgfxdrmfb frame buffer device
[    4.862784] e1000 0000:00:03.0 eth0: (PCI:33MHz:32-bit) 08:00:27:47:44:00
[    4.862792] e1000 0000:00:03.0 eth0: Intel(R) PRO/1000 Network Connection
[    4.869978] e1000 0000:00:03.0 enp0s3: renamed from eth0
[    4.918945] snd_intel8x0 0000:00:05.0: allow list rate for 1028:0177 is 48000
[    5.953918] fbcon: Taking over console
[    5.955769] Console: switching to colour frame buffer device 160x50
[    7.392377] e1000: enp0s3 NIC Link is Up 1000 Mbps Full Duplex, Flow Control: RX
[   50.404900] systemd-journald[168]: File /var/log/journal/391e3726d4dc4c5d96c46f975953df5e/user-1000.journal corrupted or uncleanly shut down, renaming and replacing.
