[    0.000000] Linux version 6.16.0-rc5 (moi@little-penguin) (gcc (GCC) 15.1.1 20250425, GNU ld (GNU Binutils) 2.44.0) #1 SMP PREEMPT_DYNAMIC Thu Jul  3 18:21:43 CEST 2025
[    0.000000] Command line: BOOT_IMAGE=/vmlinuz-6.16.0-rc5 root=UUID=74931bfb-77ff-45e9-9460-f34bdcc7e7ae rw loglevel=3 quiet
[    0.000000] BIOS-provided physical RAM map:
[    0.000000] BIOS-e820: [mem 0x0000000000000000-0x000000000009fbff] usable
[    0.000000] BIOS-e820: [mem 0x000000000009fc00-0x000000000009ffff] reserved
[    0.000000] BIOS-e820: [mem 0x00000000000f0000-0x00000000000fffff] reserved
[    0.000000] BIOS-e820: [mem 0x0000000000100000-0x00000000dffeffff] usable
[    0.000000] BIOS-e820: [mem 0x00000000dfff0000-0x00000000dfffffff] ACPI data
[    0.000000] BIOS-e820: [mem 0x00000000fec00000-0x00000000fec00fff] reserved
[    0.000000] BIOS-e820: [mem 0x00000000fee00000-0x00000000fee00fff] reserved
[    0.000000] BIOS-e820: [mem 0x00000000fffc0000-0x00000000ffffffff] reserved
[    0.000000] BIOS-e820: [mem 0x0000000100000000-0x000000019fffffff] usable
[    0.000000] NX (Execute Disable) protection: active
[    0.000000] APIC: Static calls initialized
[    0.000000] SMBIOS 2.5 present.
[    0.000000] DMI: innotek GmbH VirtualBox/VirtualBox, BIOS VirtualBox 12/01/2006
[    0.000000] DMI: Memory slots populated: 0/0
[    0.000000] Hypervisor detected: KVM
[    0.000000] kvm-clock: Using msrs 4b564d01 and 4b564d00
[    0.000001] kvm-clock: using sched offset of 8908558577 cycles
[    0.000003] clocksource: kvm-clock: mask: 0xffffffffffffffff max_cycles: 0x1cd42e4dffb, max_idle_ns: 881590591483 ns
[    0.000005] tsc: Detected 3095.998 MHz processor
[    0.000936] e820: update [mem 0x00000000-0x00000fff] usable ==> reserved
[    0.000938] e820: remove [mem 0x000a0000-0x000fffff] usable
[    0.000942] last_pfn = 0x1a0000 max_arch_pfn = 0x400000000
[    0.000946] MTRRs disabled by BIOS
[    0.000948] x86/PAT: Configuration [0-7]: WB  WC  UC- UC  WB  WP  UC- WT  
[    0.000951] last_pfn = 0xe0000 max_arch_pfn = 0x400000000
[    0.001160] RAMDISK: [mem 0x36241000-0x37117fff]
[    0.001166] ACPI: Early table checksum verification disabled
[    0.001168] ACPI: RSDP 0x00000000000E0000 000024 (v02 VBOX  )
[    0.001171] ACPI: XSDT 0x00000000DFFF0030 00003C (v01 VBOX   VBOXXSDT 00000001 ASL  00000061)
[    0.001175] ACPI: FACP 0x00000000DFFF00F0 0000F4 (v04 VBOX   VBOXFACP 00000001 ASL  00000061)
[    0.001179] ACPI: DSDT 0x00000000DFFF0640 002353 (v02 VBOX   VBOXBIOS 00000002 INTL 20200925)
[    0.001181] ACPI: FACS 0x00000000DFFF0200 000040
[    0.001183] ACPI: FACS 0x00000000DFFF0200 000040
[    0.001185] ACPI: APIC 0x00000000DFFF0240 00008C (v02 VBOX   VBOXAPIC 00000001 ASL  00000061)
[    0.001187] ACPI: SSDT 0x00000000DFFF02D0 00036C (v01 VBOX   VBOXCPUT 00000002 INTL 20200925)
[    0.001188] ACPI: Reserving FACP table memory at [mem 0xdfff00f0-0xdfff01e3]
[    0.001189] ACPI: Reserving DSDT table memory at [mem 0xdfff0640-0xdfff2992]
[    0.001190] ACPI: Reserving FACS table memory at [mem 0xdfff0200-0xdfff023f]
[    0.001190] ACPI: Reserving FACS table memory at [mem 0xdfff0200-0xdfff023f]
[    0.001191] ACPI: Reserving APIC table memory at [mem 0xdfff0240-0xdfff02cb]
[    0.001191] ACPI: Reserving SSDT table memory at [mem 0xdfff02d0-0xdfff063b]
[    0.001226] Zone ranges:
[    0.001227]   DMA      [mem 0x0000000000001000-0x0000000000ffffff]
[    0.001228]   DMA32    [mem 0x0000000001000000-0x00000000ffffffff]
[    0.001229]   Normal   [mem 0x0000000100000000-0x000000019fffffff]
[    0.001230]   Device   empty
[    0.001231] Movable zone start for each node
[    0.001231] Early memory node ranges
[    0.001231]   node   0: [mem 0x0000000000001000-0x000000000009efff]
[    0.001233]   node   0: [mem 0x0000000000100000-0x00000000dffeffff]
[    0.001233]   node   0: [mem 0x0000000100000000-0x000000019fffffff]
[    0.001234] Initmem setup node 0 [mem 0x0000000000001000-0x000000019fffffff]
[    0.001239] On node 0, zone DMA: 1 pages in unavailable ranges
[    0.001259] On node 0, zone DMA: 97 pages in unavailable ranges
[    0.009189] On node 0, zone Normal: 16 pages in unavailable ranges
[    0.009403] ACPI: PM-Timer IO Port: 0x4008
[    0.009439] IOAPIC[0]: apic_id 8, version 32, address 0xfec00000, GSI 0-23
[    0.009441] ACPI: INT_SRC_OVR (bus 0 bus_irq 0 global_irq 2 dfl dfl)
[    0.009443] ACPI: INT_SRC_OVR (bus 0 bus_irq 9 global_irq 9 low level)
[    0.009446] ACPI: Using ACPI (MADT) for SMP configuration information
[    0.009450] CPU topo: Max. logical packages:   1
[    0.009451] CPU topo: Max. logical dies:       1
[    0.009451] CPU topo: Max. dies per package:   1
[    0.009454] CPU topo: Max. threads per core:   1
[    0.009455] CPU topo: Num. cores per package:     8
[    0.009455] CPU topo: Num. threads per package:   8
[    0.009456] CPU topo: Allowing 8 present CPUs plus 0 hotplug CPUs
[    0.009467] PM: hibernation: Registered nosave memory: [mem 0x00000000-0x00000fff]
[    0.009468] PM: hibernation: Registered nosave memory: [mem 0x0009f000-0x000fffff]
[    0.009469] PM: hibernation: Registered nosave memory: [mem 0xdfff0000-0xffffffff]
[    0.009470] [mem 0xe0000000-0xfebfffff] available for PCI devices
[    0.009471] Booting paravirtualized kernel on KVM
[    0.009471] clocksource: refined-jiffies: mask: 0xffffffff max_cycles: 0xffffffff, max_idle_ns: 19112604462750000 ns
[    0.013430] setup_percpu: NR_CPUS:320 nr_cpumask_bits:8 nr_cpu_ids:8 nr_node_ids:1
[    0.013660] percpu: Embedded 54 pages/cpu s180760 r8192 d32232 u262144
[    0.013664] pcpu-alloc: s180760 r8192 d32232 u262144 alloc=1*2097152
[    0.013666] pcpu-alloc: [0] 0 1 2 3 4 5 6 7 
[    0.013681] kvm-guest: PV spinlocks enabled
[    0.013682] PV qspinlock hash table entries: 256 (order: 0, 4096 bytes, linear)
[    0.013684] Kernel command line: BOOT_IMAGE=/vmlinuz-6.16.0-rc5 root=UUID=74931bfb-77ff-45e9-9460-f34bdcc7e7ae rw loglevel=3 quiet
[    0.013725] Unknown kernel command line parameters "BOOT_IMAGE=/vmlinuz-6.16.0-rc5", will be passed to user space.
[    0.013739] random: crng init done
[    0.013739] printk: log buffer data + meta data: 131072 + 458752 = 589824 bytes
[    0.014408] Dentry cache hash table entries: 1048576 (order: 11, 8388608 bytes, linear)
[    0.014770] Inode-cache hash table entries: 524288 (order: 10, 4194304 bytes, linear)
[    0.014844] software IO TLB: area num 8.
[    0.026154] Built 1 zonelists, mobility grouping on.  Total pages: 1572750
[    0.026944] mem auto-init: stack:all(zero), heap alloc:on, heap free:off
[    0.038268] SLUB: HWalign=64, Order=0-3, MinObjects=0, CPUs=8, Nodes=1
[    0.038285] Kernel/User page tables isolation: enabled
[    0.044692] ftrace: allocating 46771 entries in 184 pages
[    0.044693] ftrace: allocated 184 pages with 4 groups
[    0.045309] Dynamic Preempt: none
[    0.045775] rcu: Preemptible hierarchical RCU implementation.
[    0.045776] rcu: 	RCU restricting CPUs from NR_CPUS=320 to nr_cpu_ids=8.
[    0.045777] 	Trampoline variant of Tasks RCU enabled.
[    0.045777] 	Rude variant of Tasks RCU enabled.
[    0.045778] 	Tracing variant of Tasks RCU enabled.
[    0.045778] rcu: RCU calculated value of scheduler-enlistment delay is 10 jiffies.
[    0.045779] rcu: Adjusting geometry for rcu_fanout_leaf=16, nr_cpu_ids=8
[    0.045784] RCU Tasks: Setting shift to 3 and lim to 1 rcu_task_cb_adjust=1 rcu_task_cpu_ids=8.
[    0.045785] RCU Tasks Rude: Setting shift to 3 and lim to 1 rcu_task_cb_adjust=1 rcu_task_cpu_ids=8.
[    0.045787] RCU Tasks Trace: Setting shift to 3 and lim to 1 rcu_task_cb_adjust=1 rcu_task_cpu_ids=8.
[    0.050029] NR_IRQS: 20736, nr_irqs: 488, preallocated irqs: 16
[    0.050228] rcu: srcu_init: Setting srcu_struct sizes based on contention.
[    0.050585] kfence: initialized - using 2097152 bytes for 255 objects at 0x(____ptrval____)-0x(____ptrval____)
[    0.050615] Console: colour dummy device 80x25
[    0.050617] printk: legacy console [tty0] enabled
[    0.050635] ACPI: Core revision 20250404
[    0.050700] APIC: Switch to symmetric I/O mode setup
[    0.050865] x2apic enabled
[    0.051053] APIC: Switched APIC routing to: physical x2apic
[    0.051835] ..TIMER: vector=0x30 apic1=0 pin1=2 apic2=-1 pin2=-1
[    0.051851] clocksource: tsc-early: mask: 0xffffffffffffffff max_cycles: 0x2ca082f6619, max_idle_ns: 440795220240 ns
[    0.051856] Calibrating delay loop (skipped) preset value.. 6191.99 BogoMIPS (lpj=30959980)
[    0.051935] Last level iTLB entries: 4KB 64, 2MB 8, 4MB 8
[    0.051936] Last level dTLB entries: 4KB 64, 2MB 32, 4MB 32, 1GB 4
[    0.051941] Speculative Store Bypass: Vulnerable
[    0.051942] SRBDS: Unknown: Dependent on hypervisor status
[    0.051942] Spectre V2 : Mitigation: Retpolines
[    0.051943] RETBleed: WARNING: Spectre v2 mitigation leaves CPU vulnerable to RETBleed attacks, data leaks possible!
[    0.051944] RETBleed: Vulnerable
[    0.051944] ITS: Mitigation: Aligned branch/return thunks
[    0.051945] MDS: Mitigation: Clear CPU buffers
[    0.051946] MMIO Stale Data: Mitigation: Clear CPU buffers
[    0.051946] Spectre V1 : Mitigation: usercopy/swapgs barriers and __user pointer sanitization
[    0.051947] Spectre V2 : Spectre v2 / SpectreRSB: Filling RSB on context switch and VMEXIT
[    0.051951] GDS: Unknown: Dependent on hypervisor status
[    0.051960] x86/fpu: Supporting XSAVE feature 0x001: 'x87 floating point registers'
[    0.051961] x86/fpu: Supporting XSAVE feature 0x002: 'SSE registers'
[    0.051962] x86/fpu: Supporting XSAVE feature 0x004: 'AVX registers'
[    0.051963] x86/fpu: xstate_offset[2]:  576, xstate_sizes[2]:  256
[    0.051964] x86/fpu: Enabled xstate features 0x7, context size is 832 bytes, using 'standard' format.
[    0.061854] Freeing SMP alternatives memory: 40K
[    0.061854] pid_max: default: 32768 minimum: 301
[    0.061854] LSM: initializing lsm=capability,landlock,lockdown,yama
[    0.061854] landlock: Up and running.
[    0.061854] Yama: becoming mindful.
[    0.061854] Mount-cache hash table entries: 16384 (order: 5, 131072 bytes, linear)
[    0.061854] Mountpoint-cache hash table entries: 16384 (order: 5, 131072 bytes, linear)
[    0.187962] APIC calibration not consistent with PM-Timer: 104ms instead of 100ms
[    0.187964] APIC delta adjusted to PM-Timer: 6321813 (6628902)
[    0.188002] smpboot: CPU0: Intel(R) Core(TM) i5-10500 CPU @ 3.10GHz (family: 0x6, model: 0xa5, stepping: 0x3)
[    0.188161] Performance Events: unsupported CPU family 6 model 165 no PMU driver, software events only.
[    0.188181] signal: max sigframe size: 1776
[    0.188201] rcu: Hierarchical SRCU implementation.
[    0.188202] rcu: 	Max phase no-delay instances is 1000.
[    0.188232] Timer migration: 1 hierarchy levels; 8 children per group; 1 crossnode level
[    0.191019] NMI watchdog: Perf NMI watchdog permanently disabled
[    0.191454] smp: Bringing up secondary CPUs ...
[    0.191527] smpboot: x86: Booting SMP configuration:
[    0.191528] .... node  #0, CPUs:      #1 #2 #3 #4 #5 #6 #7
[    0.203857] smp: Brought up 1 node, 8 CPUs
[    0.203857] smpboot: Total of 8 processors activated (49535.96 BogoMIPS)
[    0.203857] Memory: 6048728K/6291000K available (15867K kernel code, 2106K rwdata, 7928K rodata, 3216K init, 2228K bss, 233724K reserved, 0K cma-reserved)
[    0.203857] devtmpfs: initialized
[    0.203857] x86/mm: Memory block size: 128MB
[    0.203857] clocksource: jiffies: mask: 0xffffffff max_cycles: 0xffffffff, max_idle_ns: 19112604462750000 ns
[    0.203857] posixtimers hash table entries: 4096 (order: 4, 65536 bytes, linear)
[    0.203857] futex hash table entries: 2048 (131072 bytes on 1 NUMA nodes, total 128 KiB, linear).
[    0.203857] pinctrl core: initialized pinctrl subsystem
[    0.203857] NET: Registered PF_NETLINK/PF_ROUTE protocol family
[    0.203857] audit: initializing netlink subsys (disabled)
[    0.203857] audit: type=2000 audit(1751981819.140:1): state=initialized audit_enabled=0 res=1
[    0.203857] thermal_sys: Registered thermal governor 'step_wise'
[    0.203857] cpuidle: using governor ladder
[    0.203857] cpuidle: using governor menu
[    0.203857] acpiphp: ACPI Hot Plug PCI Controller Driver version: 0.5
[    0.203857] PCI: Using configuration type 1 for base access
[    0.203857] kprobes: kprobe jump-optimization is enabled. All kprobes are optimized if possible.
[    0.221914] HugeTLB: allocation took 0ms with hugepage_allocation_threads=2
[    0.221926] HugeTLB: registered 2.00 MiB page size, pre-allocated 0 pages
[    0.221940] HugeTLB: 28 KiB vmemmap can be freed for a 2.00 MiB page
[    0.224240] ACPI: Added _OSI(Module Device)
[    0.224240] ACPI: Added _OSI(Processor Device)
[    0.224240] ACPI: Added _OSI(Processor Aggregator Device)
[    0.224240] ACPI: 2 ACPI AML tables successfully acquired and loaded
[    0.227733] ACPI: Interpreter enabled
[    0.227733] ACPI: PM: (supports S0 S5)
[    0.227733] ACPI: Using IOAPIC for interrupt routing
[    0.227733] PCI: Using host bridge windows from ACPI; if necessary, use "pci=nocrs" and report a bug
[    0.227733] PCI: Using E820 reservations for host bridge windows
[    0.227733] ACPI: Enabled 2 GPEs in block 00 to 07
[    0.227733] ACPI: PCI Root Bridge [PCI0] (domain 0000 [bus 00-ff])
[    0.227733] acpi PNP0A03:00: _OSC: OS supports [ASPM ClockPM Segments MSI EDR HPX-Type3]
[    0.227733] acpi PNP0A03:00: _OSC: not requesting OS control; OS requires [ExtendedConfig ASPM ClockPM MSI]
[    0.231892] acpi PNP0A03:00: fail to add MMCONFIG information, can't access extended configuration space under this bridge
[    0.232103] PCI host bridge to bus 0000:00
[    0.232105] pci_bus 0000:00: root bus resource [io  0x0000-0x0cf7 window]
[    0.232107] pci_bus 0000:00: root bus resource [io  0x0d00-0xffff window]
[    0.232108] pci_bus 0000:00: root bus resource [mem 0x000a0000-0x000bffff window]
[    0.232109] pci_bus 0000:00: root bus resource [mem 0xe0000000-0xfdffffff window]
[    0.232110] pci_bus 0000:00: root bus resource [bus 00-ff]
[    0.232214] pci 0000:00:00.0: [8086:1237] type 00 class 0x060000 conventional PCI endpoint
[    0.232486] pci 0000:00:01.0: [8086:7000] type 00 class 0x060100 conventional PCI endpoint
[    0.232783] pci 0000:00:01.1: [8086:7111] type 00 class 0x01018a conventional PCI endpoint
[    0.232953] pci 0000:00:01.1: BAR 4 [io  0xd000-0xd00f]
[    0.232973] pci 0000:00:01.1: BAR 0 [io  0x01f0-0x01f7]: legacy IDE quirk
[    0.232974] pci 0000:00:01.1: BAR 1 [io  0x03f6]: legacy IDE quirk
[    0.232979] pci 0000:00:01.1: BAR 2 [io  0x0170-0x0177]: legacy IDE quirk
[    0.232980] pci 0000:00:01.1: BAR 3 [io  0x0376]: legacy IDE quirk
[    0.233085] pci 0000:00:02.0: [15ad:0405] type 00 class 0x030000 conventional PCI endpoint
[    0.236146] pci 0000:00:02.0: BAR 0 [io  0xd010-0xd01f]
[    0.236155] pci 0000:00:02.0: BAR 1 [mem 0xe0000000-0xe0ffffff pref]
[    0.236161] pci 0000:00:02.0: BAR 2 [mem 0xf0000000-0xf01fffff]
[    0.236212] pci 0000:00:02.0: Video device with shadowed ROM at [mem 0x000c0000-0x000dffff]
[    0.236356] pci 0000:00:03.0: [8086:100e] type 00 class 0x020000 conventional PCI endpoint
[    0.241854] pci 0000:00:03.0: BAR 0 [mem 0xf0200000-0xf021ffff]
[    0.241854] pci 0000:00:03.0: BAR 2 [io  0xd020-0xd027]
[    0.241854] pci 0000:00:04.0: [80ee:cafe] type 00 class 0x088000 conventional PCI endpoint
[    0.241854] pci 0000:00:04.0: BAR 0 [io  0xd040-0xd05f]
[    0.241854] pci 0000:00:04.0: BAR 1 [mem 0xf0400000-0xf07fffff]
[    0.241854] pci 0000:00:04.0: BAR 2 [mem 0xf0800000-0xf0803fff pref]
[    0.241854] pci 0000:00:05.0: [8086:2415] type 00 class 0x040100 conventional PCI endpoint
[    0.241854] pci 0000:00:05.0: BAR 0 [io  0xd100-0xd1ff]
[    0.241854] pci 0000:00:05.0: BAR 1 [io  0xd200-0xd23f]
[    0.241854] pci 0000:00:06.0: [106b:003f] type 00 class 0x0c0310 conventional PCI endpoint
[    0.242036] pci 0000:00:06.0: BAR 0 [mem 0xf0804000-0xf0804fff]
[    0.242203] pci 0000:00:07.0: [8086:7113] type 00 class 0x068000 conventional PCI endpoint
[    0.242390] pci 0000:00:07.0: quirk: [io  0x4000-0x403f] claimed by PIIX4 ACPI
[    0.242396] pci 0000:00:07.0: quirk: [io  0x4100-0x410f] claimed by PIIX4 SMB
[    0.243047] pci 0000:00:0b.0: [8086:265c] type 00 class 0x0c0320 conventional PCI endpoint
[    0.245313] pci 0000:00:0b.0: BAR 0 [mem 0xf0805000-0xf0805fff]
[    0.245682] pci 0000:00:0d.0: [8086:2829] type 00 class 0x010601 conventional PCI endpoint
[    0.247903] pci 0000:00:0d.0: BAR 0 [io  0xd240-0xd247]
[    0.247910] pci 0000:00:0d.0: BAR 1 [io  0xd248-0xd24b]
[    0.247915] pci 0000:00:0d.0: BAR 2 [io  0xd250-0xd257]
[    0.247920] pci 0000:00:0d.0: BAR 3 [io  0xd258-0xd25b]
[    0.247926] pci 0000:00:0d.0: BAR 4 [io  0xd260-0xd26f]
[    0.247932] pci 0000:00:0d.0: BAR 5 [mem 0xf0806000-0xf0807fff]
[    0.253637] pci_bus 0000:00: on NUMA node 0
[    0.254381] ACPI: PCI: Interrupt link LNKA configured for IRQ 11
[    0.254535] ACPI: PCI: Interrupt link LNKB configured for IRQ 10
[    0.254592] ACPI: PCI: Interrupt link LNKC configured for IRQ 9
[    0.254644] ACPI: PCI: Interrupt link LNKD configured for IRQ 11
[    0.254749] iommu: Default domain type: Translated
[    0.254750] iommu: DMA domain TLB invalidation policy: lazy mode
[    0.261984] SCSI subsystem initialized
[    0.261994] libata version 3.00 loaded.
[    0.261994] pps_core: LinuxPPS API ver. 1 registered
[    0.261994] pps_core: Software ver. 5.3.6 - Copyright 2005-2007 Rodolfo Giometti <giometti@linux.it>
[    0.261994] PTP clock support registered
[    0.261994] EDAC MC: Ver: 3.0.0
[    0.262008] NetLabel: Initializing
[    0.262008] NetLabel:  domain hash size = 128
[    0.262008] NetLabel:  protocols = UNLABELED CIPSOv4 CALIPSO
[    0.262008] NetLabel:  unlabeled traffic allowed by default
[    0.262008] PCI: Using ACPI for IRQ routing
[    0.262008] PCI: pci_cache_line_size set to 64 bytes
[    0.262090] e820: reserve RAM buffer [mem 0x0009fc00-0x0009ffff]
[    0.262093] e820: reserve RAM buffer [mem 0xdfff0000-0xdfffffff]
[    0.262109] pci 0000:00:02.0: vgaarb: setting as boot VGA device
[    0.262109] pci 0000:00:02.0: vgaarb: bridge control possible
[    0.262109] pci 0000:00:02.0: vgaarb: VGA device added: decodes=io+mem,owns=io+mem,locks=none
[    0.262109] vgaarb: loaded
[    0.262109] clocksource: Switched to clocksource kvm-clock
[    0.262109] VFS: Disk quotas dquot_6.6.0
[    0.262109] VFS: Dquot-cache hash table entries: 512 (order 0, 4096 bytes)
[    0.262109] pnp: PnP ACPI init
[    0.262634] pnp: PnP ACPI: found 2 devices
[    0.271616] clocksource: acpi_pm: mask: 0xffffff max_cycles: 0xffffff, max_idle_ns: 2085701024 ns
[    0.271655] NET: Registered PF_INET protocol family
[    0.272538] IP idents hash table entries: 131072 (order: 8, 1048576 bytes, linear)
[    0.273615] tcp_listen_portaddr_hash hash table entries: 4096 (order: 4, 65536 bytes, linear)
[    0.273634] Table-perturb hash table entries: 65536 (order: 6, 262144 bytes, linear)
[    0.273651] TCP established hash table entries: 65536 (order: 7, 524288 bytes, linear)
[    0.274526] TCP bind hash table entries: 65536 (order: 9, 2097152 bytes, linear)
[    0.274654] TCP: Hash tables configured (established 65536 bind 65536)
[    0.274693] MPTCP token hash table entries: 8192 (order: 5, 196608 bytes, linear)
[    0.274716] UDP hash table entries: 4096 (order: 6, 262144 bytes, linear)
[    0.275503] UDP-Lite hash table entries: 4096 (order: 6, 262144 bytes, linear)
[    0.275548] NET: Registered PF_UNIX/PF_LOCAL protocol family
[    0.275562] pci_bus 0000:00: resource 4 [io  0x0000-0x0cf7 window]
[    0.275564] pci_bus 0000:00: resource 5 [io  0x0d00-0xffff window]
[    0.275565] pci_bus 0000:00: resource 6 [mem 0x000a0000-0x000bffff window]
[    0.275566] pci_bus 0000:00: resource 7 [mem 0xe0000000-0xfdffffff window]
[    0.275622] pci 0000:00:00.0: Limiting direct PCI/PCI transfers
[    0.275677] PCI: CLS 0 bytes, default 64
[    0.275683] PCI-DMA: Using software bounce buffering for IO (SWIOTLB)
[    0.275684] software IO TLB: mapped [mem 0x00000000dbff0000-0x00000000dfff0000] (64MB)
[    0.275709] clocksource: tsc: mask: 0xffffffffffffffff max_cycles: 0x2ca082f6619, max_idle_ns: 440795220240 ns
[    0.275805] clocksource: Switched to clocksource tsc
[    0.275829] platform rtc_cmos: registered platform RTC device (no PNP device found)
[    0.275860] Unpacking initramfs...
[    0.284591] Initialise system trusted keyrings
[    0.284598] Key type blacklist registered
[    0.284716] workingset: timestamp_bits=46 max_order=21 bucket_order=0
[    0.284919] integrity: Platform Keyring initialized
[    0.293176] Key type asymmetric registered
[    0.293178] Asymmetric key parser 'x509' registered
[    0.293193] Block layer SCSI generic (bsg) driver version 0.4 loaded (major 244)
[    0.293303] io scheduler mq-deadline registered
[    0.293305] io scheduler kyber registered
[    0.293313] io scheduler bfq registered
[    0.293902] ACPI: AC: AC Adapter [AC] (on-line)
[    0.293939] input: Power Button as /devices/LNXSYSTM:00/LNXPWRBN:00/input/input0
[    0.294039] ACPI: button: Power Button [PWRF]
[    0.294061] input: Sleep Button as /devices/LNXSYSTM:00/LNXSLPBN:00/input/input1
[    0.294091] ACPI: button: Sleep Button [SLPF]
[    0.294852] Serial: 8250/16550 driver, 32 ports, IRQ sharing enabled
[    0.296770] Non-volatile memory driver v1.3
[    0.296771] Linux agpgart interface v0.103
[    0.296776] ACPI: bus type drm_connector registered
[    0.296796] vmwgfx 0000:00:02.0: vgaarb: deactivate vga console
[    0.297150] vmwgfx 0000:00:02.0: [drm] FIFO at 0x00000000f0000000 size is 2048 KiB
[    0.297158] vmwgfx 0000:00:02.0: [drm] VRAM at 0x00000000e0000000 size is 16384 KiB
[    0.297164] vmwgfx 0000:00:02.0: [drm] Running on SVGA version 2.
[    0.297168] vmwgfx 0000:00:02.0: [drm] Capabilities: rect copy, cursor, cursor bypass, cursor bypass 2, alpha cursor, extended fifo, pitchlock, irq mask, gmr, traces, gmr2, screen object 2, command buffers, gbobject, 
[    0.297169] vmwgfx 0000:00:02.0: [drm] *ERROR* vmwgfx seems to be running on an unsupported hypervisor.
[    0.297170] vmwgfx 0000:00:02.0: [drm] *ERROR* This configuration is likely broken.
[    0.297171] vmwgfx 0000:00:02.0: [drm] *ERROR* Please switch to a supported graphics device to avoid problems.
[    0.297172] vmwgfx 0000:00:02.0: [drm] DMA map mode: Caching DMA mappings.
[    0.297209] vmwgfx 0000:00:02.0: [drm] Legacy memory limits: VRAM = 16384 KiB, FIFO = 2048 KiB, surface = 507904 KiB
[    0.297211] vmwgfx 0000:00:02.0: [drm] MOB limits: max mob size = 131072 KiB, max mob pages = 4096
[    0.297212] vmwgfx 0000:00:02.0: [drm] Max GMR ids is 8192
[    0.297213] vmwgfx 0000:00:02.0: [drm] Max number of GMR pages is 1048576
[    0.297214] vmwgfx 0000:00:02.0: [drm] Maximum display memory size is 16384 KiB
[    0.298416] vmwgfx 0000:00:02.0: [drm] Screen Target display unit initialized
[    0.298619] vmwgfx 0000:00:02.0: [drm] Fifo max 0x00200000 min 0x00001000 cap 0x00000355
[    0.299717] vmwgfx 0000:00:02.0: [drm] Using command buffers with DMA pool.
[    0.299721] vmwgfx 0000:00:02.0: [drm] Available shader model: Legacy.
[    0.299940] [drm] Initialized vmwgfx 2.21.0 for 0000:00:02.0 on minor 0
[    0.300512] fbcon: vmwgfxdrmfb (fb0) is primary device
[    0.300514] fbcon: Deferring console take-over
[    0.300515] vmwgfx 0000:00:02.0: [drm] fb0: vmwgfxdrmfb frame buffer device
[    0.302024] Loading iSCSI transport class v2.0-870.
[    0.302942] ahci 0000:00:0d.0: SSS flag set, parallel bus scan disabled
[    0.303020] ahci 0000:00:0d.0: AHCI vers 0001.0100, 32 command slots, 3 Gbps, SATA mode
[    0.303023] ahci 0000:00:0d.0: 1/1 ports implemented (port mask 0x1)
[    0.303024] ahci 0000:00:0d.0: flags: 64bit ncq stag only ccc 
[    0.303317] scsi host0: ahci
[    0.303354] ata1: SATA max UDMA/133 abar m8192@0xf0806000 port 0xf0806100 irq 21 lpm-pol 0
[    0.303770] scsi host1: ata_piix
[    0.303940] scsi host2: ata_piix
[    0.303958] ata2: PATA max UDMA/33 cmd 0x1f0 ctl 0x3f6 bmdma 0xd000 irq 14 lpm-pol 0
[    0.303960] ata3: PATA max UDMA/33 cmd 0x170 ctl 0x376 bmdma 0xd008 irq 15 lpm-pol 0
[    0.303995] Fusion MPT base driver 3.04.20
[    0.303996] Copyright (c) 1999-2008 LSI Corporation
[    0.303998] Fusion MPT SPI Host driver 3.04.20
[    0.304005] Fusion MPT FC Host driver 3.04.20
[    0.304013] Fusion MPT SAS Host driver 3.04.20
[    0.304358] rtc_cmos rtc_cmos: registered as rtc0
[    0.304381] rtc_cmos rtc_cmos: setting system clock to 2025-07-03T16:27:10 UTC (1751560030)
[    0.304424] rtc_cmos rtc_cmos: alarms up to one day, 114 bytes nvram
[    0.304454] piix4_smbus 0000:00:07.0: SMBus Host Controller at 0x4100, revision 0
[    0.304490] intel_pstate: CPU model not supported
[    0.304727] hid: raw HID events driver (C) Jiri Kosina
[    0.305584] vboxguest: host-version: 7.0.26r168464 0x8000000f
[    0.306551] vbg_heartbeat_init: Setting up heartbeat to trigger every 2000 milliseconds
[    0.306609] input: VirtualBox mouse integration as /devices/pci0000:00/0000:00:04.0/input/input2
[    0.306909] drop_monitor: Initializing network drop monitor service
[    0.306957] Initializing XFRM netlink socket
[    0.306976] NET: Registered PF_INET6 protocol family
[    0.364666] Freeing initrd memory: 15196K
[    0.369405] Segment Routing with IPv6
[    0.369407] RPL Segment Routing with IPv6
[    0.369417] In-situ OAM (IOAM) with IPv6
[    0.369438] NET: Registered PF_PACKET protocol family
[    0.369535] NET: Registered PF_VSOCK protocol family
[    0.369583] IPI shorthand broadcast: enabled
[    0.370712] sched_clock: Marking stable (368155906, 1365618)->(376903340, -7381816)
[    0.370975] registered taskstats version 1
[    0.371762] Loading compiled-in X.509 certificates
[    0.376296] Loaded X.509 cert 'Build time autogenerated kernel key: 18cda7ae88917adabec7a0505719a2527b94255f'
[    0.377921] zswap: loaded using pool lz4/zsmalloc
[    0.378142] clk: Disabling unused clocks
[    1.126329] ata3.00: ATAPI: VBOX CD-ROM, 1.0, max UDMA/133
[    1.223344] ata1: SATA link up 3.0 Gbps (SStatus 123 SControl 300)
[    1.223489] ata1.00: ATA-6: VBOX HARDDISK, 1.0, max UDMA/133
[    1.223492] ata1.00: 83886080 sectors, multi 128: LBA48 NCQ (depth 32)
[    1.223718] ata1.00: configured for UDMA/133
[    1.223842] scsi 0:0:0:0: Direct-Access     ATA      VBOX HARDDISK    1.0  PQ: 0 ANSI: 5
[    1.224018] sd 0:0:0:0: [sda] 83886080 512-byte logical blocks: (42.9 GB/40.0 GiB)
[    1.224036] sd 0:0:0:0: [sda] Write Protect is off
[    1.224037] sd 0:0:0:0: [sda] Mode Sense: 00 3a 00 00
[    1.224128] sd 0:0:0:0: [sda] Write cache: enabled, read cache: enabled, doesn't support DPO or FUA
[    1.224141] sd 0:0:0:0: [sda] Preferred minimum I/O size 512 bytes
[    1.224333] scsi 2:0:0:0: CD-ROM            VBOX     CD-ROM           1.0  PQ: 0 ANSI: 5
[    1.348091]  sda: sda1 sda2 sda3
[    1.348458] sd 0:0:0:0: [sda] Attached SCSI disk
[    1.349732] Freeing unused kernel image (initmem) memory: 3216K
[    1.349834] Write protecting the kernel read-only data: 24576k
[    1.350250] Freeing unused kernel image (text/rodata gap) memory: 516K
[    1.350366] Freeing unused kernel image (rodata/data gap) memory: 264K
[    1.388422] x86/mm: Checked W+X mappings: passed, no W+X pages found.
[    1.388425] rodata_test: all tests were successful
[    1.388426] x86/mm: Checking user space page tables
[    1.424960] x86/mm: Checked W+X mappings: passed, no W+X pages found.
[    1.424969] Run /init as init process
[    1.424970]   with arguments:
[    1.424971]     /init
[    1.424972]   with environment:
[    1.424972]     HOME=/
[    1.424973]     TERM=linux
[    1.424973]     BOOT_IMAGE=/vmlinuz-6.16.0-rc5
[    1.517952] i8042: PNP: PS/2 Controller [PNP0303:PS2K,PNP0f03:PS2M] at 0x60,0x64 irq 1,12
[    1.518454] serio: i8042 KBD port at 0x60,0x64 irq 1
[    1.518459] serio: i8042 AUX port at 0x60,0x64 irq 12
[    1.521458] sr 2:0:0:0: [sr0] scsi3-mmc drive: 32x/32x xa/form2 tray
[    1.521461] cdrom: Uniform CD-ROM driver Revision: 3.20
[    1.543012] input: AT Translated Set 2 keyboard as /devices/platform/i8042/serio0/input/input3
[    1.581818] sr 2:0:0:0: Attached scsi CD-ROM sr0
[    1.730128] fbcon: Taking over console
[    1.731166] Console: switching to colour frame buffer device 160x50
[    2.184520] EXT4-fs (sda3): mounted filesystem 74931bfb-77ff-45e9-9460-f34bdcc7e7ae r/w with ordered data mode. Quota mode: none.
[    2.446980] systemd[1]: systemd 257.7-1-arch running in system mode (+PAM +AUDIT -SELINUX -APPARMOR -IMA +IPE +SMACK +SECCOMP +GCRYPT +GNUTLS +OPENSSL +ACL +BLKID +CURL +ELFUTILS +FIDO2 +IDN2 -IDN +IPTC +KMOD +LIBCRYPTSETUP +LIBCRYPTSETUP_PLUGINS +LIBFDISK +PCRE2 +PWQUALITY +P11KIT +QRENCODE +TPM2 +BZIP2 +LZ4 +XZ +ZLIB +ZSTD +BPF_FRAMEWORK +BTF +XKBCOMMON +UTMP -SYSVINIT +LIBARCHIVE)
[    2.446984] systemd[1]: Detected virtualization oracle.
[    2.446992] systemd[1]: Detected architecture x86-64.
[    2.449402] systemd[1]: Failed to read SMBIOS type #11 object 0, ignoring: Bad message
[    2.452307] systemd[1]: Hostname set to <little-penguin>.
[    3.222674] systemd[1]: bpf-restrict-fs: BPF LSM hook not enabled in the kernel, BPF LSM not supported.
[    3.553016] systemd[1]: Queued start job for default target Graphical Interface.
[    4.045642] systemd[1]: Created slice Slice /system/dirmngr.
[    4.045906] systemd[1]: Created slice Slice /system/getty.
[    4.046107] systemd[1]: Created slice Slice /system/gpg-agent.
[    4.046305] systemd[1]: Created slice Slice /system/gpg-agent-browser.
[    4.046506] systemd[1]: Created slice Slice /system/gpg-agent-extra.
[    4.046786] systemd[1]: Created slice Slice /system/gpg-agent-ssh.
[    4.047172] systemd[1]: Created slice Slice /system/keyboxd.
[    4.047403] systemd[1]: Created slice Slice /system/modprobe.
[    4.047628] systemd[1]: Created slice Slice /system/systemd-fsck.
[    4.047782] systemd[1]: Created slice User and Session Slice.
[    4.047824] systemd[1]: Started Dispatch Password Requests to Console Directory Watch.
[    4.047857] systemd[1]: Started Forward Password Requests to Wall Directory Watch.
[    4.047964] systemd[1]: Set up automount Arbitrary Executable File Formats File System Automount Point.
[    4.047981] systemd[1]: Expecting device /dev/disk/by-uuid/14625693-c42b-40f0-8c41-136c705416f0...
[    4.047986] systemd[1]: Expecting device /dev/disk/by-uuid/c917f8a7-5020-4c91-8a9c-1323e2ee75aa...
[    4.047993] systemd[1]: Reached target Local Encrypted Volumes.
[    4.048005] systemd[1]: Reached target Local Integrity Protected Volumes.
[    4.048019] systemd[1]: Reached target Path Units.
[    4.048030] systemd[1]: Reached target Remote File Systems.
[    4.048036] systemd[1]: Reached target Slice Units.
[    4.048056] systemd[1]: Reached target Local Verity Protected Volumes.
[    4.048108] systemd[1]: Listening on Device-mapper event daemon FIFOs.
[    4.049679] systemd[1]: Listening on Process Core Dump Socket.
[    4.050873] systemd[1]: Listening on Credential Encryption/Decryption.
[    4.050939] systemd[1]: Listening on Journal Socket (/dev/log).
[    4.050994] systemd[1]: Listening on Journal Sockets.
[    4.051009] systemd[1]: TPM PCR Measurements was skipped because of an unmet condition check (ConditionSecurity=measured-uki).
[    4.051017] systemd[1]: Make TPM PCR Policy was skipped because of an unmet condition check (ConditionSecurity=measured-uki).
[    4.051059] systemd[1]: Listening on udev Control Socket.
[    4.051092] systemd[1]: Listening on udev Kernel Socket.
[    4.051132] systemd[1]: Listening on User Database Manager Socket.
[    4.052600] systemd[1]: Mounting Huge Pages File System...
[    4.053161] systemd[1]: Mounting POSIX Message Queue File System...
[    4.053764] systemd[1]: Mounting Kernel Debug File System...
[    4.054216] systemd[1]: Mounting Kernel Trace File System...
[    4.054918] systemd[1]: Starting Create List of Static Device Nodes...
[    4.055589] systemd[1]: Starting Load Kernel Module configfs...
[    4.056163] systemd[1]: Starting Load Kernel Module dm_mod...
[    4.057333] systemd[1]: Starting Load Kernel Module drm...
[    4.058027] systemd[1]: Starting Load Kernel Module fuse...
[    4.058658] systemd[1]: Starting Load Kernel Module loop...
[    4.058709] systemd[1]: File System Check on Root Device was skipped because of an unmet condition check (ConditionPathIsReadWrite=!/).
[    4.058748] systemd[1]: Clear Stale Hibernate Storage Info was skipped because of an unmet condition check (ConditionPathExists=/sys/firmware/efi/efivars/HibernateLocation-8cf2644b-4b0b-428f-9387-6d876050dc67).
[    4.058861] systemd[1]: systemd-journald.service: unit configures an IP firewall, but the local system does not support BPF/cgroup firewalling.
[    4.058863] systemd[1]: systemd-journald.service: (This warning is only shown for the first unit using IP firewalling.)
[    4.062004] systemd[1]: Starting Journal Service...
[    4.065644] systemd[1]: Starting Load Kernel Modules...
[    4.065657] systemd[1]: TPM PCR Machine ID Measurement was skipped because of an unmet condition check (ConditionSecurity=measured-uki).
[    4.066275] systemd[1]: Starting Remount Root and Kernel File Systems...
[    4.066302] systemd[1]: Early TPM SRK Setup was skipped because of an unmet condition check (ConditionSecurity=measured-uki).
[    4.066990] systemd[1]: Starting Load udev Rules from Credentials...
[    4.067595] systemd[1]: Starting Coldplug All udev Devices...
[    4.068966] systemd[1]: Mounted Huge Pages File System.
[    4.069141] systemd[1]: Mounted POSIX Message Queue File System.
[    4.069220] systemd[1]: Mounted Kernel Debug File System.
[    4.069337] systemd[1]: Mounted Kernel Trace File System.
[    4.069545] systemd[1]: Finished Create List of Static Device Nodes.
[    4.069886] systemd[1]: modprobe@configfs.service: Deactivated successfully.
[    4.070073] systemd[1]: Finished Load Kernel Module configfs.
[    4.070324] systemd[1]: modprobe@dm_mod.service: Deactivated successfully.
[    4.070451] systemd[1]: Finished Load Kernel Module dm_mod.
[    4.070655] systemd[1]: modprobe@drm.service: Deactivated successfully.
[    4.070788] systemd[1]: Finished Load Kernel Module drm.
[    4.070977] systemd[1]: modprobe@fuse.service: Deactivated successfully.
[    4.071097] systemd[1]: Finished Load Kernel Module fuse.
[    4.071658] systemd[1]: modprobe@loop.service: Deactivated successfully.
[    4.071802] systemd[1]: Finished Load Kernel Module loop.
[    4.072020] systemd[1]: FUSE Control File System was skipped because of an unmet condition check (ConditionPathExists=/sys/fs/fuse/connections).
[    4.072618] systemd[1]: Mounting Kernel Configuration File System...
[    4.072658] systemd[1]: Repartition Root Disk was skipped because no trigger condition checks were met.
[    4.073188] systemd[1]: Starting Create Static Device Nodes in /dev gracefully...
[    4.073543] systemd[1]: Finished Load Kernel Modules.
[    4.074282] systemd[1]: Starting Apply Kernel Variables...
[    4.078900] systemd[1]: Mounted Kernel Configuration File System.
[    4.082589] systemd[1]: Finished Load udev Rules from Credentials.
[    4.085812] systemd-journald[313]: Collecting audit messages is disabled.
[    4.091334] systemd[1]: Finished Apply Kernel Variables.
[    4.110533] systemd[1]: Starting User Database Manager...
[    4.110849] systemd[1]: Started Journal Service.
[    4.121854] EXT4-fs (sda3): re-mounted 74931bfb-77ff-45e9-9460-f34bdcc7e7ae.
[    4.132802] systemd-journald[313]: Received client request to flush runtime journal.
[    4.477157] mousedev: PS/2 mouse device common for all mice
[    4.487310] input: PC Speaker as /devices/platform/pcspkr/input/input5
[    4.498933] RAPL PMU: API unit is 2^-32 Joules, 0 fixed counters, 10737418240 ms ovfl timer
[    4.645510] input: ImExPS/2 Generic Explorer Mouse as /devices/platform/i8042/serio1/input/input6
[    4.649827] e1000: Intel(R) PRO/1000 Network Driver
[    4.649829] e1000: Copyright (c) 1999-2006 Intel Corporation.
[    4.681326] Adding 2097148k swap on /dev/sda2.  Priority:-2 extents:1 across:2097148k 
[    5.245331] e1000 0000:00:03.0 eth0: (PCI:33MHz:32-bit) 08:00:27:e8:cb:03
[    5.245338] e1000 0000:00:03.0 eth0: Intel(R) PRO/1000 Network Connection
[    5.250948] e1000 0000:00:03.0 enp0s3: renamed from eth0
[    5.374786] EXT4-fs (sda1): mounted filesystem 14625693-c42b-40f0-8c41-136c705416f0 r/w with ordered data mode. Quota mode: none.
[    8.512078] e1000: enp0s3 NIC Link is Up 1000 Mbps Full Duplex, Flow Control: RX
[   54.194257] clocksource: Long readout interval, skipping watchdog check: cs_nsec: 1127280921 wd_nsec: 1127280505
